// Jest Snapshot v1, https://goo.gl/fbAQLP

exports[`App container test renders as expected 1`] = `
<ContextProvider
  value={
    Object {
      "store": Object {
        "dispatch": [Function],
        "getState": [Function],
        "replaceReducer": [Function],
        "subscribe": [Function],
        Symbol(observable): [Function],
      },
      "subscription": Object {
        "addNestedSub": [Function],
        "getListeners": [Function],
        "handleChangeWrapper": [Function],
        "isSubscribed": [Function],
        "notifyNestedSubs": [Function],
        "onStateChange": [Function],
        "trySubscribe": [Function],
        "tryUnsubscribe": [Function],
      },
    }
  }
>
  <BrowserRouter>
    <_default
      match={
        Object {
          "isExact": false,
          "params": Object {},
          "path": "/multicloud/policies",
          "url": "/multicloud",
        }
      }
      url="/multicloud/policies"
    />
  </BrowserRouter>
</ContextProvider>
`;
