// Jest Snapshot v1, https://goo.gl/fbAQLP

exports[`PolicyTemplateDetailsView component renders as expected -- empty list 1`] = `undefined`;

exports[`PolicyTemplateDetailsView component renders as expected 1`] = `undefined`;

exports[`PolicyTemplateDetailsView component renders as expected with pagination 1`] = `undefined`;
