// Jest Snapshot v1, https://goo.gl/fbAQLP

exports[`TruncateText renders as expected for non truncated text 1`] = `"NonTruncateText"`;

exports[`TruncateText renders as expected for truncated text 1`] = `
Object {
  "children": <span>
    Tr...xt
  </span>,
  "content": <div>
    $
    TruncateText
  </div>,
  "enableFlip": false,
  "maxWidth": "80rem",
  "position": "top",
}
`;
